// Jest Snapshot v1, https://goo.gl/fbAQLP

exports[`Testing column max Width Complex Line Limit 1`] = `
"┌───────┬────────────┬──────────┐
[37m│[0m[37m [0m[01mIndex[0m[37m │[0m[37m [0m[01mWhite Text[0m[37m │[0m[37m [0m[01m Green  [0m[37m │[0m
[37m│[0m[37m [0m[01m     [0m[37m │[0m[37m [0m[01m          [0m[37m │[0m[37m [0m[01m Barret [0m[37m │[0m
├───────┼────────────┼──────────┤
[37m│[0m[37m [0m[31m  1  [0m[37m │[0m[37m [0m[37m  This row[0m[37m │[0m[37m [0m[32mThis row[0m[37m │[0m
[37m│[0m[37m [0m[31m     [0m[37m │[0m[37m [0m[37m   is blue[0m[37m │[0m[37m [0m[32mis green[0m[37m │[0m
[37m│[0m[37m [0m[31m     [0m[37m │[0m[37m [0m[37m          [0m[37m │[0m[37m [0m[32m column [0m[37m │[0m
[37m│[0m[37m [0m[31m 10  [0m[37m │[0m[37m [0m[37m  This row[0m[37m │[0m[37m [0m[32mThis row[0m[37m │[0m
[37m│[0m[37m [0m[31m     [0m[37m │[0m[37m [0m[37m   is blue[0m[37m │[0m[37m [0m[32mis green[0m[37m │[0m
[37m│[0m[37m [0m[31m     [0m[37m │[0m[37m [0m[37m but again[0m[37m │[0m[37m [0m[32m column [0m[37m │[0m
[37m│[0m[37m [0m[31m     [0m[37m │[0m[37m [0m[37m   another[0m[37m │[0m[37m [0m[32m but a  [0m[37m │[0m
[37m│[0m[37m [0m[31m     [0m[37m │[0m[37m [0m[37m      line[0m[37m │[0m[37m [0m[32m little [0m[37m │[0m
[37m│[0m[37m [0m[31m     [0m[37m │[0m[37m [0m[37m          [0m[37m │[0m[37m [0m[32m longer [0m[37m │[0m
[37m│[0m[37m [0m[31m     [0m[37m │[0m[37m [0m[37m          [0m[37m │[0m[37m [0m[32mto make [0m[37m │[0m
[37m│[0m[37m [0m[31m     [0m[37m │[0m[37m [0m[37m          [0m[37m │[0m[37m [0m[32m  life  [0m[37m │[0m
[37m│[0m[37m [0m[31m     [0m[37m │[0m[37m [0m[37m          [0m[37m │[0m[37m [0m[32m harder [0m[37m │[0m
[37m│[0m[37m [0m[31m  2  [0m[37m │[0m[37m [0m[37m  The last[0m[37m │[0m[37m [0m[32m Thank  [0m[37m │[0m
[37m│[0m[37m [0m[31m     [0m[37m │[0m[37m [0m[37mone I dont[0m[37m │[0m[37m [0m[32mgod this[0m[37m │[0m
[37m│[0m[37m [0m[31m     [0m[37m │[0m[37m [0m[37m know what[0m[37m │[0m[37m [0m[32m is the [0m[37m │[0m
[37m│[0m[37m [0m[31m     [0m[37m │[0m[37m [0m[37m the color[0m[37m │[0m[37m [0m[32mlast one[0m[37m │[0m
[37m│[0m[37m [0m[31m     [0m[37m │[0m[37m [0m[37m        is[0m[37m │[0m[37m [0m[32m        [0m[37m │[0m
└───────┴────────────┴──────────┘"
`;

exports[`Testing column max Width Simple Line Limit 1`] = `
"┌──────────────────────┬──────────────────┬────────┐
[37m│[0m[37m [0m[01mred_left_align_index[0m[37m │[0m[37m [0m[01mright_align_text[0m[37m │[0m[37m [0m[01mgreen [0m[37m │[0m
├──────────────────────┼──────────────────┼────────┤
[37m│[0m[37m [0m[31m2                   [0m[37m │[0m[37m [0m[34mThis row is blue[0m[37m │[0m[37m [0m[32m10.212[0m[37m │[0m
[37m│[0m[37m [0m[31m3                   [0m[37m │[0m[37m [0m[31m    I would like[0m[37m │[0m[37m [0m[32m10.212[0m[37m │[0m
[37m│[0m[37m [0m[31m                    [0m[37m │[0m[37m [0m[31m   some red wine[0m[37m │[0m[37m [0m[32m      [0m[37m │[0m
[37m│[0m[37m [0m[31m                    [0m[37m │[0m[37m [0m[31m          please[0m[37m │[0m[37m [0m[32m      [0m[37m │[0m
[37m│[0m[37m [0m[31m4                   [0m[37m │[0m[37m [0m[36m    I would like[0m[37m │[0m[37m [0m[32m10.212[0m[37m │[0m
[37m│[0m[37m [0m[31m                    [0m[37m │[0m[37m [0m[36m  some cyan wine[0m[37m │[0m[37m [0m[32m      [0m[37m │[0m
[37m│[0m[37m [0m[31m                    [0m[37m │[0m[37m [0m[36m          please[0m[37m │[0m[37m [0m[32m      [0m[37m │[0m
[37m│[0m[37m [0m[31m5                   [0m[37m │[0m[37m [0m[01m    I would like[0m[37m │[0m[37m [0m[32m10.212[0m[37m │[0m
[37m│[0m[37m [0m[31m                    [0m[37m │[0m[37m [0m[01m some white_bold[0m[37m │[0m[37m [0m[32m      [0m[37m │[0m
[37m│[0m[37m [0m[31m                    [0m[37m │[0m[37m [0m[01m     wine please[0m[37m │[0m[37m [0m[32m      [0m[37m │[0m
[37m│[0m[37m [0m[31m6                   [0m[37m │[0m[37m [0m[38m    I would like[0m[37m │[0m[37m [0m[32m10.212[0m[37m │[0m
[37m│[0m[37m [0m[31m                    [0m[37m │[0m[37m [0m[38msome crimson sky[0m[37m │[0m[37m [0m[32m      [0m[37m │[0m
[37m│[0m[37m [0m[31m                    [0m[37m │[0m[37m [0m[38m          please[0m[37m │[0m[37m [0m[32m      [0m[37m │[0m
[37m│[0m[37m [0m[31m7                   [0m[37m │[0m[37m [0m[32m    I would like[0m[37m │[0m[37m [0m[32m  20  [0m[37m │[0m
[37m│[0m[37m [0m[31m                    [0m[37m │[0m[37m [0m[32m      some green[0m[37m │[0m[37m [0m[32m      [0m[37m │[0m
[37m│[0m[37m [0m[31m                    [0m[37m │[0m[37m [0m[32m   gemuse please[0m[37m │[0m[37m [0m[32m      [0m[37m │[0m
[37m│[0m[37m [0m[31m8                   [0m[37m │[0m[37m [0m[33m    I would like[0m[37m │[0m[37m [0m[32m 100  [0m[37m │[0m
[37m│[0m[37m [0m[31m                    [0m[37m │[0m[37m [0m[33m       some gelb[0m[37m │[0m[37m [0m[32m      [0m[37m │[0m
[37m│[0m[37m [0m[31m                    [0m[37m │[0m[37m [0m[33m   bananen bitte[0m[37m │[0m[37m [0m[32m      [0m[37m │[0m
└──────────────────────┴──────────────────┴────────┘"
`;
